[www.bes.ae/index.html]
[backblue.gif]
[fade.gif]
[index.html]
[uploads-ssl.webflow.com/5ccaa276b7202a688a2b135c/css/besae.webflow.446eaede7.min.css]
[ajax.googleapis.com/ajax/libs/webfont/1.6.26/webfont.js]
[uploads-ssl.webflow.com/5ccaa276b7202a688a2b135c/5cd275e1562e3073f0777d8d_BES-logo-faviconsml-black.jpg]
[uploads-ssl.webflow.com/5ccaa276b7202a688a2b135c/5cd275e64bd9d18472fe90bf_BES-logo-favicon-black.jpg]
[www.bes.ae/minimal-sliding-windows-doors.html]
[www.bes.ae/minimal-pivot-windows-doors.html]
[www.bes.ae/guillotine-automatic-multi-leaf-vertical-sliding-windows-doors.html]
[www.bes.ae/bes-projects/sustainability-pavillion-2.html]
[www.bes.ae/scope/unitized-curtain-wall.html]
[www.bes.ae/scope/stick-curtain-wall.html]
[www.bes.ae/scope/cable-support-system.html]
[www.bes.ae/scope/point-fix.html]
[www.bes.ae/scope/windows-and-doors.html]
[www.bes.ae/scope/metal-cladding.html]
[www.bes.ae/scope/stone-cladding.html]
[www.bes.ae/scope/canopies.html]
[www.bes.ae/scope/skylights.html]
[www.bes.ae/scope/roofing.html]
[www.bes.ae/scope/balustrades-and-railings.html]
[www.bes.ae/scope/shading.html]
[www.bes.ae/scope/pergolas.html]
[www.bes.ae/scope/store-fronts-interiors.html]
[uploads-ssl.webflow.com/5ccaa276b7202a16f52b1381/5ed75c5901927f0955ce80bf_EXP-C-Minimal-Sliding-Windows-&-Doors2.jpg]
[uploads-ssl.webflow.com/5ccaa276b7202a16f52b1381/5ed75c675c2d8d02dc1cb6b6_EXP-P-Minimal-Pivot-Windows-&-Doors2.jpg]
[uploads-ssl.webflow.com/5ccaa276b7202a16f52b1381/5ed75c8fa37f060afa9c2362_EXP-X-Minimal-Fix-&-Hinge-Windows-&-Doors2.jpg]
[uploads-ssl.webflow.com/5ccaa276b7202a16f52b1381/5ed75c9e150cb050afa41a26_EXP-F-Minimal-Curtain-Wall2.jpg]
[uploads-ssl.webflow.com/5ccaa276b7202a16f52b1381/5ed760438de2cd30edde5faf_EXP-R-Glass-Balustrades-&-Rails4.jpg]
[uploads-ssl.webflow.com/5ccaa276b7202a16f52b1381/5ed75cb7a37f0640129c23a2_EXP-G-Minimal-Vertical-Sliding-Windows-&-Doors2.jpg]
[www.bes.ae/bes-projects/abu-dhabi-airport-midfield-terminal-2.html]
[www.bes.ae/bes-projects/msheireb-heart-of-doha-phase-2.html]
[www.bes.ae/bes-projects/luxury-villa-accommodation-2.html]
[www.bes.ae/index.html]
[uploads-ssl.webflow.com/5ccaa276b7202a688a2b135c/js/webflow.6a0790d81.js]
[d3e54v103j8qbb.cloudfront.net/js/jquery-3.5.1.min.dc5e7f18c88559.js]
[uploads-ssl.webflow.com/5ccaa276b7202a688a2b135c/5cd1451a2a542f0616a2a360_813Q6075-d-2retouch2.jpg]
[uploads-ssl.webflow.com/5ccaa276b7202a688a2b135c/css/besae.webflow.446eaede7.min.css]
[www.googletagmanager.com/gtm5445.html]
[www.bes.ae/âhttps_/www.bes.ae/â/index.html]
[uploads-ssl.webflow.com/5ccaa276b7202a688a2b135c/5ec202c98e275c80460fdb88_exp-24-c-new2.jpg]
[uploads-ssl.webflow.com/5ccaa276b7202a688a2b135c/5ec1fd82cbeb6e80040c5719_exp-36-c.jpg]
[uploads-ssl.webflow.com/5ccaa276b7202a688a2b135c/5ec2015237d7ce1b1d3d1b56_exp-54-c-new.jpg]
[uploads-ssl.webflow.com/5ccaa276b7202a688a2b135c/5ebba1f3264db9a52d01906d_1.1-Minimal-Design-grey.jpg]
[uploads-ssl.webflow.com/5ccaa276b7202a688a2b135c/5ebba22ada7f59d182a239a5_1.2-Slim-Sliding-Photo-7gray2.jpg]
[uploads-ssl.webflow.com/5ccaa276b7202a688a2b135c/5ebbd6f9b7e2c5dfed1d96f0_4.1-Glazing.jpg]
[uploads-ssl.webflow.com/5ccaa276b7202a688a2b135c/5ebbd20cb7e2c566601d91cf_3.-Durability3.jpg]
[uploads-ssl.webflow.com/5ccaa276b7202a688a2b135c/5ebbdcf4abfa03211813a922_5.2-Multitrack.jpg]
[uploads-ssl.webflow.com/5ccaa276b7202a688a2b135c/5e9fee077fb48a2038884b26_Rcn-07-17.jpg]
[uploads-ssl.webflow.com/5ccaa276b7202a688a2b135c/5ebbeb00b62eec30d469efd8_IMG-6206.jpg]
[uploads-ssl.webflow.com/5ccaa276b7202a688a2b135c/5ebcbbdf7bb641fbbf488213_lee-junda-___Lnn9HGko-unsplash.jpg]
[uploads-ssl.webflow.com/5ccaa276b7202a688a2b135c/5ebbdc78839b90137ab7d9c5_9.-motors2.jpg]
[uploads-ssl.webflow.com/5ccaa276b7202a688a2b135c/5ec3e620d321d7289f5913a8_SLIDING-WINDOW-&-DOORS_Page_1.jpg]
[uploads-ssl.webflow.com/5ccaa276b7202a688a2b135c/5ec3e7793543701f1828d204_SLIDING-WINDOW-&-DOORS_Page_2b.jpg]
[uploads-ssl.webflow.com/5ccaa276b7202a688a2b135c/5ec3e64ac28b7e745ec5a736_SLIDING-WINDOW-&-DOORS_Page_3.jpg]
[uploads-ssl.webflow.com/5ccaa276b7202a688a2b135c/5ec3e666727e48259c09ba54_SLIDING-WINDOW-&-DOORS_Page_4.jpg]
[uploads-ssl.webflow.com/5ccaa276b7202a688a2b135c/5ec3e73ee031c0eabfb4c9cc_SLIDING-WINDOW-&-DOORS_Page_5b.jpg]
[uploads-ssl.webflow.com/5ccaa276b7202a688a2b135c/5ec3e69ce031c0abbcb4c726_SLIDING-WINDOW-&-DOORS_Page_6.jpg]
[uploads-ssl.webflow.com/5ccaa276b7202a688a2b135c/5ec533ef652ef31689143c63_STACKABLE SLIDING WINDOWS & DOORS_Page_01.jpg]
[uploads-ssl.webflow.com/5ccaa276b7202a688a2b135c/5ec5340fb66aa07e7f5a5884_STACKABLE SLIDING WINDOWS & DOORS_Page_02.jpg]
[uploads-ssl.webflow.com/5ccaa276b7202a688a2b135c/5ec5343b330f2813f6a6ed56_STACKABLE SLIDING WINDOWS & DOORS_Page_03.jpg]
[uploads-ssl.webflow.com/5ccaa276b7202a688a2b135c/5ec5346299142f19a1b6b299_STACKABLE SLIDING WINDOWS & DOORS_Page_04.jpg]
[uploads-ssl.webflow.com/5ccaa276b7202a688a2b135c/5ec5358c9351f8b6fcb8097c_BI-PART-SLIDING-WINDOWS-&-DOORS_Page_1.jpg]
[uploads-ssl.webflow.com/5ccaa276b7202a688a2b135c/5ec535a393802b2c580673c1_BI-PART-SLIDING-WINDOWS-&-DOORS_Page_2.jpg]
[uploads-ssl.webflow.com/5ccaa276b7202a688a2b135c/5ec535b393802b09f506768c_BI-PART-SLIDING-WINDOWS-&-DOORS_Page_3.jpg]
[uploads-ssl.webflow.com/5ccaa276b7202a688a2b135c/5ec535ce8143fd21c82f3e2b_BI-PART-SLIDING-WINDOWS-&-DOORS_Page_4.jpg]
[uploads-ssl.webflow.com/5ccaa276b7202a688a2b135c/5ec535e54ef2ed87432bdf6c_BI-PART-SLIDING-WINDOWS-&-DOORS_Page_5.jpg]
[uploads-ssl.webflow.com/5ccaa276b7202a688a2b135c/5ec5368eb66aa02bec5a74d2_POCKET-SLIDING-WINDOWS-&-DOORS_Page_1.jpg]
[uploads-ssl.webflow.com/5ccaa276b7202a688a2b135c/5ec5369f98978dfa3386339d_POCKET-SLIDING-WINDOWS-&-DOORS_Page_2.jpg]
[uploads-ssl.webflow.com/5ccaa276b7202a688a2b135c/5ec536af98978d19828633b9_POCKET-SLIDING-WINDOWS-&-DOORS_Page_3.jpg]
[uploads-ssl.webflow.com/5ccaa276b7202a688a2b135c/5ec536c84ef2ed29392be5e8_POCKET-SLIDING-WINDOWS-&-DOORS_Page_4.jpg]
[uploads-ssl.webflow.com/5ccaa276b7202a688a2b135c/5ec532d64ef2ed08072bce4d_CORNER-SLIDING-WINDOWS-&-DOORS_Page_1.jpg]
[uploads-ssl.webflow.com/5ccaa276b7202a688a2b135c/5ec532ee99142fa22bb6aaa1_CORNER-SLIDING-WINDOWS-&-DOORS_Page_2.jpg]
[uploads-ssl.webflow.com/5ccaa276b7202a688a2b135c/5ec532fe8143fd0aad2f2f76_CORNER-SLIDING-WINDOWS-&-DOORS_Page_3.jpg]
[uploads-ssl.webflow.com/5ccaa276b7202a688a2b135c/5ec533118143fdcde62f2fbf_CORNER-SLIDING-WINDOWS-&-DOORS_Page_4.jpg]
[uploads-ssl.webflow.com/5ccaa276b7202a688a2b135c/5ecf5d118d34e7ed28e57f07_Exp-Detail-Website_Page_01.jpg]
[uploads-ssl.webflow.com/5ccaa276b7202a688a2b135c/5ecf5d41a803362bf980cf6a_Exp-Detail-Website_Page_02.jpg]
[uploads-ssl.webflow.com/5ccaa276b7202a688a2b135c/5ecf5d55b314ba326588d62f_Exp-Detail-Website_Page_03.jpg]
[uploads-ssl.webflow.com/5ccaa276b7202a688a2b135c/5ecf5d6e0d06db5eb3f8af6a_Exp-Detail-Website_Page_04.jpg]
[uploads-ssl.webflow.com/5ccaa276b7202a688a2b135c/5ecf5e3b80f7a07adc835f67_Exp-Detail-Website_Page_05.jpg]
[uploads-ssl.webflow.com/5ccaa276b7202a688a2b135c/5ecf5e4f0d06db1a6ef8b235_Exp-Detail-Website_Page_06.jpg]
[uploads-ssl.webflow.com/5ccaa276b7202a688a2b135c/5ecf5e63ecf1c542c3b0d8e7_Exp-Detail-Website_Page_07.jpg]
[uploads-ssl.webflow.com/5ccaa276b7202a688a2b135c/5ecf5e830d06db7861f8b268_Exp-Detail-Website_Page_08.jpg]
[uploads-ssl.webflow.com/5ccaa276b7202a688a2b135c/5ecf5ec28d34e740a1e5885d_Exp-Detail-Website_Page_09.jpg]
[uploads-ssl.webflow.com/5ccaa276b7202a688a2b135c/5ecf5ee235aad50bb298b8a7_Exp-Detail-Website_Page_10.jpg]
[uploads-ssl.webflow.com/5ccaa276b7202a688a2b135c/5ecf5f0235aad5c5b798b915_Exp-Detail-Website_Page_11.jpg]
[uploads-ssl.webflow.com/5ccaa276b7202a688a2b135c/5ecf5f1e0e918e97629e952e_Exp-Detail-Website_Page_12.jpg]
[uploads-ssl.webflow.com/5ccaa276b7202a688a2b135c/5ecf5f4825d6027d1df842ef_Exp-Detail-Website_Page_13.jpg]
[www.bes.ae/sliding-window-projects/mc-house.html]
[www.bes.ae/sliding-window-projects/doncella-beach.html]
[www.bes.ae/sliding-window-projects/house-freire-dos-santos.html]
[www.bes.ae/sliding-window-projects/las-lomas-house.html]
[www.bes.ae/minimal-sliding-windows-doors.html]
[uploads-ssl.webflow.com/5ccaa276b7202a688a2b135c/5ee61b847d47071c4aa9d865_EXP-P-window.jpg]
[uploads-ssl.webflow.com/5ccaa276b7202a688a2b135c/5ee61f665819c4049de94991_Penha-7-gray.jpg]
[uploads-ssl.webflow.com/5ccaa276b7202a688a2b135c/5ef0a2b63a2b7b997b3ecc57_Pivot.jpg]
[uploads-ssl.webflow.com/5ccaa276b7202a688a2b135c/5ef0a2f3ad8dd5132b8712bb_Multipoint-Lock4.jpg]
[uploads-ssl.webflow.com/5ccaa276b7202a688a2b135c/5ee607d4b6555c6fc0577409_EXP 36-P WEBSITE_Page_1b.jpg]
[uploads-ssl.webflow.com/5ccaa276b7202a688a2b135c/5ee607fe2e6ec853f2328172_EXP 36-P WEBSITE_Page_2.jpg]
[uploads-ssl.webflow.com/5ccaa276b7202a688a2b135c/5ee608419c39a71c6b421b3e_EXP 36-P WEBSITE_Page_3.jpg]
[uploads-ssl.webflow.com/5ccaa276b7202a688a2b135c/5ee60864202f0524d7ec2663_EXP 36-P WEBSITE_Page_4.jpg]
[uploads-ssl.webflow.com/5ccaa276b7202a688a2b135c/5ee6089666757f809040aac4_EXP 36-P WEBSITE_Page_5.jpg]
[uploads-ssl.webflow.com/5ccaa276b7202a688a2b135c/5ee608b99c39a7f808421b79_EXP 36-P WEBSITE_Page_6.jpg]
[uploads-ssl.webflow.com/5ccaa276b7202a688a2b135c/5ee608d78c5ad953bf6210e1_EXP 36-P WEBSITE_Page_7.jpg]
[uploads-ssl.webflow.com/5ccaa276b7202a688a2b135c/5ee608ecb6555c062a577557_EXP 36-P WEBSITE_Page_8.jpg]
[www.bes.ae/minimal-pivot-windows-doors.html]
[uploads-ssl.webflow.com/5ccaa276b7202a688a2b135c/5f194f45caaa841db6976d62_5ed75cb7a37f0640129c23a2_EXP-G-Minimal-Vertical-Sliding-Windows-&-Doors2 (1).jpg]
[www.bes.ae/guillotine-automatic-multi-leaf-vertical-sliding-windows-doors.html]
[www.bes.ae/bes-projects/leaf-tower.html]
[www.bes.ae/bes-projects/saraya-tower.html]
[www.bes.ae/bes-projects/bright-point-hospital.html]
[www.bes.ae/bes-projects/sustainability-pavillion-2.html]
[www.bes.ae/scope/unitized-curtain-wall.html]
[www.bes.ae/scope/stick-curtain-wall.html]
[www.bes.ae/scope/cable-support-system.html]
[www.bes.ae/scope/point-fix.html]
[www.bes.ae/scope/windows-and-doors.html]
[www.bes.ae/scope/metal-cladding.html]
[www.bes.ae/scope/stone-cladding.html]
[www.bes.ae/scope/canopies.html]
[www.bes.ae/scope/skylights.html]
[www.bes.ae/scope/roofing.html]
[www.bes.ae/scope/balustrades-and-railings.html]
[www.bes.ae/scope/shading.html]
[www.bes.ae/scope/pergolas.html]
[www.bes.ae/scope/store-fronts-interiors.html]
[www.bes.ae/bes-projects/abu-dhabi-airport-midfield-terminal-2.html]
[www.bes.ae/bes-projects/msheireb-heart-of-doha-phase-2.html]
[www.bes.ae/bes-projects/luxury-villa-accommodation-2.html]
[www.bes.ae/âhttps_/www.bes.ae/minimal-sliding-windows-doors/â/index.html]
[uploads-ssl.webflow.com/5ccaa276b7202a16f52b1381/5ecb400e2b50b603c316a55c_MC HOUSE 5 (EXP C 24) 2.jpg]
[uploads-ssl.webflow.com/5ccaa276b7202a16f52b1381/5ecb400e54bd2f17f536f25f_MC HOUSE 5 (EXP C 24) 3.jpg]
[uploads-ssl.webflow.com/5ccaa276b7202a16f52b1381/5ecb400ec0621d63079dc479_MC HOUSE 5 (EXP C 24) 4.jpg]
[uploads-ssl.webflow.com/5ccaa276b7202a16f52b1381/5ecb400f732947b604d5cbaa_MC HOUSE 5 (EXP C 24) 5.jpg]
[www.bes.ae/sliding-window-projects/mc-house.html]
[uploads-ssl.webflow.com/5ccaa276b7202a16f52b1381/5ed3acc5a90a9c7d8c1e85f6_DONCELLA BEACH - SPAIN 2018-10.jpg]
[uploads-ssl.webflow.com/5ccaa276b7202a16f52b1381/5ed3acc478a1383934f6e489_DONCELLA BEACH - SPAIN 2018-09.jpg]
[uploads-ssl.webflow.com/5ccaa276b7202a16f52b1381/5ed3acc56103a3d016ec9fcb_DONCELLA BEACH - SPAIN 2018-8.jpg]
[uploads-ssl.webflow.com/5ccaa276b7202a16f52b1381/5ed3acc578a1386992f6e48a_DONCELLA BEACH - SPAIN 2018-7.jpg]
[uploads-ssl.webflow.com/5ccaa276b7202a16f52b1381/5ed3acc5a0977f525c49816c_DONCELLA BEACH - SPAIN 2018-6.jpg]
[uploads-ssl.webflow.com/5ccaa276b7202a16f52b1381/5ed3acc5c6c9789855e105ea_DONCELLA BEACH - SPAIN 2018-5.jpg]
[uploads-ssl.webflow.com/5ccaa276b7202a16f52b1381/5ed3acc5a90a9c62b11e85f7_DONCELLA BEACH - SPAIN 2018-3.jpg]
[uploads-ssl.webflow.com/5ccaa276b7202a16f52b1381/5ed3acc510bcbaa872595da2_DONCELLA BEACH - SPAIN 2018-2.jpg]
[uploads-ssl.webflow.com/5ccaa276b7202a16f52b1381/5ed3acc47eda2ac50ccd41cb_DONCELLA BEACH - SPAIN 2018-1.jpg]
[www.bes.ae/sliding-window-projects/doncella-beach.html]
[uploads-ssl.webflow.com/5ccaa276b7202a16f52b1381/5ed33c71412d2b5495b040e9_HOUSE FREIRE DOS SANTOS 4.jpg]
[uploads-ssl.webflow.com/5ccaa276b7202a16f52b1381/5ed33c716103a3bd74eab85d_HOUSE FREIRE DOS SANTOS 5.jpg]
[uploads-ssl.webflow.com/5ccaa276b7202a16f52b1381/5ed33c7ca0977fdd4d479441_HOUSE FREIRE DOS SANTOS 3.jpg]
[uploads-ssl.webflow.com/5ccaa276b7202a16f52b1381/5ed33c7ca90a9c48961c6785_HOUSE FREIRE DOS SANTOS 1.jpg]
[www.bes.ae/sliding-window-projects/house-freire-dos-santos.html]
[uploads-ssl.webflow.com/5ccaa276b7202a16f52b1381/5cd11cc72a542f1d3fa1a2e0_IMG-20180625-WA0006.jpg]
[uploads-ssl.webflow.com/5ccaa276b7202a16f52b1381/5ecb4dc8c0621d3c6d9df49c_Slim Sliding Photo 3.jpg]
[uploads-ssl.webflow.com/5ccaa276b7202a16f52b1381/5ecb4dc8687aeb42ca34f28a_Slim Sliding Photo 4.jpg]
[uploads-ssl.webflow.com/5ccaa276b7202a16f52b1381/5ecb4dc8731a6b4c01edfac2_Slim Sliding Photo 5.jpg]
[uploads-ssl.webflow.com/5ccaa276b7202a16f52b1381/5ecb4dc8731a6b1d59edfac3_Slim Sliding Photo 6.jpg]
[uploads-ssl.webflow.com/5ccaa276b7202a16f52b1381/5ecb4dc84966c2bc4162b029_Slim Sliding Photo 7.jpg]
[uploads-ssl.webflow.com/5ccaa276b7202a16f52b1381/5ecb4dc847ef6f4ab60a9c0b_Slim Sliding Photo 8.jpg]
[uploads-ssl.webflow.com/5ccaa276b7202a16f52b1381/5ecb4dc72fa1e928bdb29c07_Slim Sliding Photo 9.jpg]
[www.bes.ae/sliding-window-projects/al-house.html]
[www.bes.ae/sliding-window-projects/las-lomas-house.html]
[www.bes.ae/bes-projects/leaf-tower.html]
[www.bes.ae/bes-projects/saraya-tower.html]
[www.bes.ae/bes-projects/bright-point-hospital.html]
[uploads-ssl.webflow.com/5ccaa276b7202a16f52b1381/5ed5e1727df0e69df0928f69_AL House 6.jpg]
[uploads-ssl.webflow.com/5ccaa276b7202a16f52b1381/5ed5e1724ef0811d7c650d27_AL House 1.jpg]
[uploads-ssl.webflow.com/5ccaa276b7202a16f52b1381/5ed5e172e1889f71d0258b2b_AL House 8.jpg]
[uploads-ssl.webflow.com/5ccaa276b7202a16f52b1381/5ed5e1724ef08129ad650d28_AL House 9.jpg]
[uploads-ssl.webflow.com/5ccaa276b7202a16f52b1381/5ed5e15205af1d03d9597d6c_AL House 7.jpg]
[uploads-ssl.webflow.com/5ccaa276b7202a16f52b1381/5ed5e1722e00bf52e0783f61_AL House 3.jpg]
[uploads-ssl.webflow.com/5ccaa276b7202a16f52b1381/5ed5e1722e00bf47df783f62_AL House 2.jpg]
[uploads-ssl.webflow.com/5ccaa276b7202a16f52b1381/5ed5e17205af1d6bf6597d86_AL House 5.jpg]
[uploads-ssl.webflow.com/5ccaa276b7202a16f52b1381/5ed5e1725680f385f7efd4f6_AL House 4.jpg]
[www.bes.ae/sliding-window-projects/al-house.html]
[www.bes.ae/_https_/uploads-ssl.webflow.com/5ccaa276b7202a16f52b1381/5ccaa276b7202a6cfb2b145f_ADIA-inner-2_tcm13-8806.jpg_]
[www.bes.ae/_https_/uploads-ssl.webflow.com/5ccaa276b7202a16f52b1381/5ccaa276b7202a52732b145c_Project_d2347a88-0b7d-49d5-990a-97b515363ca606.jpg_]
[www.bes.ae/bes-projects/doha-metro-gold-line.html]
[www.bes.ae/_https_/uploads-ssl.webflow.com/5ccaa276b7202a16f52b1381/5ccfd7d933f0ea86960e6ca1_209.jpg_]
[www.bes.ae/_https_/uploads-ssl.webflow.com/5ccaa276b7202a16f52b1381/5cd14e446e80bf3aa6eeb47e_92001-RPT-C144200-DG-000029(1]
[www.bes.ae/_https_/uploads-ssl.webflow.com/5ccaa276b7202a16f52b1381/5cd11cce2a542fd73aa1a2e7_IMG-20180625-WA0006thumb.jpg_]
[www.bes.ae/_https_/uploads-ssl.webflow.com/5ccaa276b7202a16f52b1381/5ccaa276b7202af0ab2b1467_ADIA-inner-2_tcm13-thumb.jpg_]
[www.bes.ae/âhttps_/www.bes.ae/â]
[www.bes.ae/_https_/uploads-ssl.webflow.com/5ccaa276b7202a16f52b1381/5ed1fa6dddb223482dae1f15_5ec202c98e275c80460fdb88_exp-24-c-new2.jpg_]
[www.bes.ae/_https_/uploads-ssl.webflow.com/5ccaa276b7202a16f52b1381/5ed1fa7a78a1388badef05a9_5ec1fd82cbeb6e80040c5719_exp-36-c.html]
[www.bes.ae/_https_/uploads-ssl.webflow.com/5ccaa276b7202a16f52b1381/5ed1fa89a553dae07dddae21_5ec2015237d7ce1b1d3d1b56_exp-54-c-new.jpg_]
[www.bes.ae/_https_/uploads-ssl.webflow.com/5ccaa276b7202a16f52b1381/5ed3273a4b317b0a88789796_66b4b-exp36-hhr.jpg_]
[www.bes.ae/_https_/uploads-ssl.webflow.com/5ccaa276b7202a16f52b1381/5ed3297ca0977f0a834757d8_ce729-exp54-hhr2.jpg_]
[www.bes.ae/âhttps_/www.bes.ae/minimal-pivot-windows-doors/â]
[www.bes.ae/_https_/uploads-ssl.webflow.com/5ccaa276b7202a16f52b1381/5ee61c1e9c39a7406842616c_EXP-P-window.html]
[www.bes.ae/pivot-window-projects/penha-longa-hotel]
[www.bes.ae/âhttps_/www.bes.ae/guillotine-automatic-multi-leaf-vertical-sliding-windows-doors/â]
[www.bes.ae/bes-projects/_https_/uploads-ssl.webflow.com/5ccaa276b7202a16f52b1381/5cd14e446e80bf3aa6eeb47e_92001-RPT-C144200-DG-000029(1.html]
[www.bes.ae/bes-projects/_https_/uploads-ssl.webflow.com/5ccaa276b7202a16f52b1381/5cd041c327d1988b2491237c_EXPO2020--IMAGEthumb.jpg_]
[www.bes.ae/bes-projects/_https_/uploads-ssl.webflow.com/5ccaa276b7202a16f52b1381/5cd1551a43e9275341462a85_92001-RPT-C144200-DG-000029(1]
[www.bes.ae/bes-projects/_https_/uploads-ssl.webflow.com/5ccaa276b7202a16f52b1381/5cd158f857508f2eaf7cd793_92001-RPT-C144200-DG-000029(1]
[www.bes.ae/bes-projects/_https_/uploads-ssl.webflow.com/5ccaa276b7202a16f52b1381/5cd155922a542ffe0ba30677_92001-RPT-C144200-DG-000029(1.html]
[www.bes.ae/bes-projects/_https_/uploads-ssl.webflow.com/5ccaa276b7202a16f52b1381/5cd159692a542f96a9a30d9e_92001-RPT-C144200-DG-000029(1]
[www.bes.ae/bes-projects/_https_/uploads-ssl.webflow.com/5ccaa276b7202a16f52b1381/5cd11cc72a542f1d3fa1a2e0_IMG-20180625-WA0006.jpg_]
[www.bes.ae/bes-projects/_https_/uploads-ssl.webflow.com/5ccaa276b7202a16f52b1381/5ccaa276b7202a6cfb2b145f_ADIA-inner-2_tcm13-8806.jpg_]
[www.bes.ae/bes-projects/jumeirah-gate-2]
[www.bes.ae/bes-projects/_https_/uploads-ssl.webflow.com/5ccaa276b7202a16f52b1381/5ccaa276b7202aae702b1456_KillaDesign_JumeirahGate_Viewmain2.jpg_]
[www.bes.ae/bes-projects/_https_/uploads-ssl.webflow.com/5ccaa276b7202a16f52b1381/5ccaa276b7202a0c2e2b1461_Leaf-tower.jpg_]
[www.bes.ae/bes-projects/_https_/uploads-ssl.webflow.com/5ccaa276b7202a16f52b1381/5ccaa276b7202a52732b145c_Project_d2347a88-0b7d-49d5-990a-97b515363ca606.jpg_]
[www.bes.ae/bes-projects/doha-metro-red-line]
[www.bes.ae/bes-projects/_https_/uploads-ssl.webflow.com/5ccaa276b7202a16f52b1381/5ccaa276b7202a0df02b145d_Qatar_07.jpg_]
[www.bes.ae/bes-projects/doha-metro-green-line]
[www.bes.ae/bes-projects/_https_/uploads-ssl.webflow.com/5ccaa276b7202a16f52b1381/5ccfdc2733f0ea50060e70ef_Doha-metro.jpg_]
[www.bes.ae/bes-projects/_https_/uploads-ssl.webflow.com/5ccaa276b7202a16f52b1381/5ccfd7d933f0ea86960e6ca1_209.jpg_]
[www.bes.ae/bes-projects/msheireb-heart-of-doha-phase-1b]
[www.bes.ae/bes-projects/_https_/uploads-ssl.webflow.com/5ccaa276b7202a16f52b1381/5ccaa276b7202a124f2b1463_Ib3.jpg_]
[www.bes.ae/bes-projects/emistate-tower]
[www.bes.ae/bes-projects/_https_/uploads-ssl.webflow.com/5ccaa276b7202a16f52b1381/5ccaa276b7202a802a2b1430_408-01-2b.html]
[www.bes.ae/bes-projects/_https_/uploads-ssl.webflow.com/5ccaa276b7202a16f52b1381/5ccfd21a33f0ea66ac0e5c6d_saraya-aec.html]
[www.bes.ae/bes-projects/abg-bank]
[www.bes.ae/bes-projects/_https_/uploads-ssl.webflow.com/5ccaa276b7202a16f52b1381/5ccfd65208feb95153ff1138_abgprojacs.jpg_]
[www.bes.ae/bes-projects/_https_/uploads-ssl.webflow.com/5ccaa276b7202a16f52b1381/5ccaa276b7202a7a4c2b1460_HospitalMainBannerImage42eb87d45-fbd7-46a1-a4fd-065fe1d02f8b.jpg_]
[www.bes.ae/âhttps_/www.bes.ae/minimal-sliding-windows-doors/â]
[www.bes.ae/sliding-window-projects/_https_/uploads-ssl.webflow.com/5ccaa276b7202a16f52b1381/5ecb4000c0621d6c309dc46e_MC HOUSE 5 (EXP C 24]
[www.bes.ae/sliding-window-projects/_https_/uploads-ssl.webflow.com/5ccaa276b7202a16f52b1381/5ed3a301a0977fc61e495109_DONCELLA BEACH - SPAIN 2018-01..jpg_]
[www.bes.ae/sliding-window-projects/_https_/uploads-ssl.webflow.com/5ccaa276b7202a16f52b1381/5ed33c503643bc6a1dd108aa_HOUSE FREIRE DOS SANTOS 2.jpg_]
[www.bes.ae/sliding-window-projects/_https_/uploads-ssl.webflow.com/5ccaa276b7202a16f52b1381/5ecb4db04966c2f88462aed3_Slim Sliding Photo 2.jpg_]
[www.bes.ae/sliding-window-projects/_https_/uploads-ssl.webflow.com/5ccaa276b7202a16f52b1381/5ed5e15205af1d03d9597d6c_AL House 7.jpg_]
[www.bes.ae/sliding-window-projects/_https_/uploads-ssl.webflow.com/5ccaa276b7202a16f52b1381/5ed5e1d72e00bf71987845dd_MF House 6.jpg_]
[www.bes.ae/sliding-window-projects/mf-house]
[www.bes.ae/sliding-window-projects/_https_/uploads-ssl.webflow.com/5ccaa276b7202a16f52b1381/5ed5e1ff6170c9642305c290_AG House 3.jpg_]
[www.bes.ae/sliding-window-projects/ag-house]
